InOrder:
78 ( [melao|sitiodoparaiso] )
81 ( [gergelim|fazendadoslagos] [cebola|fazendahorizonteazul] )
84 ( [pinhaomanso|fazendadosolnascente] )
88 ( [manga|sitiohorizonte] )
89 ( [alecrim|fazendadalagoa] )
91 ( [abacate|fazendatrescoracoes] )
96 ( [pinhaomanso|fazendadossonhos] )
97 ( [amendoim|fazendasantafe] )
98 ( [melao|fazendaencantada] )
99 ( [limao|fazendalagoaserena] )
100 ( [uva|fazendamorrogrande] )
101 ( [lentilha|sitiocampoverde] )
103 ( [feijao|sitiohorizonte] )
104 ( [graodebico|fazendadorecanto] )
105 ( [graodebico|sitiosaogabriel] )
107 ( [manga|fazendadorecanto] )
108 ( [mamona|sitiorecantoverde] )
111 ( [inhame|sitionovavida] [mandioca|fazendarecantoalegre] )
112 ( [batata|sitiodocorrego] )
113 ( [graodebico|sitiotresamigos] )
122 ( [tangerina|fazendacampoverde] )
125 ( [abacate|sitiodopinhal] [capimbrachiaria|sitiovistaalegre] )
126 ( [maracuja|fazendadossonhos] [abacate|fazendadoiscoracoes] [maca|fazendaserraclara] )
127 ( [lentilha|fazendariogrande] )
129 ( [laranja|fazendalagoazul] )
132 ( [arroz|sitiobomjardim] )
136 ( [cartamo|fazendasolnascente] [alface|fazendadasnacoes] )
139 ( [abacaxi|sitiobelacolina] [pera|sitiotresamigos] )
141 ( [abacaxi|sitiobomjesus] )
148 ( [manga|fazendahorizonteazul] )
151 ( [milho|fazendadosolnascente] )
154 ( [graodebico|sitionovaesperança] )
155 ( [feijao|fazendacachoeira] [beterraba|fazendaportoseguro] )
156 ( [cartamo|fazendacampinaverde] [canadeacucar|sitiorecantosereno] )
157 ( [graodebico|fazendacachoeiraalta] )
158 ( [mandioca|fazendaboaaurora] )
159 ( [milho|sitiodorecanto] )
160 ( [capimtifton|fazendarecantoverde] )
163 ( [inhame|fazendasantoantonio] )
165 ( [tabaco|sitiopedraalta] )
167 ( [beterraba|fazendasantoantonio] )
168 ( [melao|sitiodosventos] )
170 ( [girassol|sitiodoisirmaos] )
172 ( [repolho|sitiobosqueverde] )
173 ( [trigo|fazendadomorro] [abacaxi|sitioflordocampo] )
176 ( [morango|sitioboacolina] )
177 ( [maca|sitiodocorrego] )
178 ( [hortela|fazendahorizontesereno] )
179 ( [camomila|sitionovaaurora] [capimbrachiaria|sitiodapaz] )
180 ( [mamona|sitioluanova] )
181 ( [hortela|sitiodolago] )
185 ( [gergelim|fazendaaguadoce] )
187 ( [cenoura|fazendadasnacoes] )
190 ( [maracuja|fazendaboasorte] [canadeacucar|sitiofazendaboa] )
192 ( [cenoura|sitioribeirao] )
195 ( [tomate|sitiobelocampo] [uva|sitiodopinhal] [inhame|fazendaserraverde] )
196 ( [beterraba|sitioserraazul] )

PreOrder:
78 ( [melao|sitiodoparaiso] )
88 ( [manga|sitiohorizonte] )
84 ( [pinhaomanso|fazendadosolnascente] )
89 ( [alecrim|fazendadalagoa] )
96 ( [pinhaomanso|fazendadossonhos] )
91 ( [abacate|fazendatrescoracoes] )
97 ( [amendoim|fazendasantafe] )
99 ( [limao|fazendalagoaserena] )
103 ( [feijao|sitiohorizonte] )
101 ( [lentilha|sitiocampoverde] )
107 ( [manga|fazendadorecanto] )
108 ( [mamona|sitiorecantoverde] )
105 ( [graodebico|sitiosaogabriel] )
104 ( [graodebico|fazendadorecanto] )
100 ( [uva|fazendamorrogrande] )
98 ( [melao|fazendaencantada] )
112 ( [batata|sitiodocorrego] )
125 ( [abacate|sitiodopinhal] [capimbrachiaria|sitiovistaalegre] )
122 ( [tangerina|fazendacampoverde] )
113 ( [graodebico|sitiotresamigos] )
111 ( [inhame|sitionovavida] [mandioca|fazendarecantoalegre] )
81 ( [gergelim|fazendadoslagos] [cebola|fazendahorizonteazul] )
127 ( [lentilha|fazendariogrande] )
126 ( [maracuja|fazendadossonhos] [abacate|fazendadoiscoracoes] [maca|fazendaserraclara] )
136 ( [cartamo|fazendasolnascente] [alface|fazendadasnacoes] )
132 ( [arroz|sitiobomjardim] )
141 ( [abacaxi|sitiobomjesus] )
139 ( [abacaxi|sitiobelacolina] [pera|sitiotresamigos] )
151 ( [milho|fazendadosolnascente] )
148 ( [manga|fazendahorizonteazul] )
154 ( [graodebico|sitionovaesperança] )
158 ( [mandioca|fazendaboaaurora] )
157 ( [graodebico|fazendacachoeiraalta] )
156 ( [cartamo|fazendacampinaverde] [canadeacucar|sitiorecantosereno] )
160 ( [capimtifton|fazendarecantoverde] )
163 ( [inhame|fazendasantoantonio] )
167 ( [beterraba|fazendasantoantonio] )
170 ( [girassol|sitiodoisirmaos] )
172 ( [repolho|sitiobosqueverde] )
176 ( [morango|sitioboacolina] )
177 ( [maca|sitiodocorrego] )
173 ( [trigo|fazendadomorro] [abacaxi|sitioflordocampo] )
168 ( [melao|sitiodosventos] )
165 ( [tabaco|sitiopedraalta] )
180 ( [mamona|sitioluanova] )
179 ( [camomila|sitionovaaurora] [capimbrachiaria|sitiodapaz] )
185 ( [gergelim|fazendaaguadoce] )
181 ( [hortela|sitiodolago] )
187 ( [cenoura|fazendadasnacoes] )
178 ( [hortela|fazendahorizontesereno] )
192 ( [cenoura|sitioribeirao] )
196 ( [beterraba|sitioserraazul] )
195 ( [tomate|sitiobelocampo] [uva|sitiodopinhal] [inhame|fazendaserraverde] )
190 ( [maracuja|fazendaboasorte] [canadeacucar|sitiofazendaboa] )
159 ( [milho|sitiodorecanto] )
155 ( [feijao|fazendacachoeira] [beterraba|fazendaportoseguro] )
129 ( [laranja|fazendalagoazul] )

PosOrder:
129 ( [laranja|fazendalagoazul] )
126 ( [maracuja|fazendadossonhos] [abacate|fazendadoiscoracoes] [maca|fazendaserraclara] )
81 ( [gergelim|fazendadoslagos] [cebola|fazendahorizonteazul] )
78 ( [melao|sitiodoparaiso] )
111 ( [inhame|sitionovavida] [mandioca|fazendarecantoalegre] )
98 ( [melao|fazendaencantada] )
97 ( [amendoim|fazendasantafe] )
91 ( [abacate|fazendatrescoracoes] )
89 ( [alecrim|fazendadalagoa] )
84 ( [pinhaomanso|fazendadosolnascente] )
88 ( [manga|sitiohorizonte] )
96 ( [pinhaomanso|fazendadossonhos] )
100 ( [uva|fazendamorrogrande] )
99 ( [limao|fazendalagoaserena] )
104 ( [graodebico|fazendadorecanto] )
101 ( [lentilha|sitiocampoverde] )
103 ( [feijao|sitiohorizonte] )
105 ( [graodebico|sitiosaogabriel] )
108 ( [mamona|sitiorecantoverde] )
107 ( [manga|fazendadorecanto] )
113 ( [graodebico|sitiotresamigos] )
112 ( [batata|sitiodocorrego] )
122 ( [tangerina|fazendacampoverde] )
125 ( [abacate|sitiodopinhal] [capimbrachiaria|sitiovistaalegre] )
127 ( [lentilha|fazendariogrande] )
155 ( [feijao|fazendacachoeira] [beterraba|fazendaportoseguro] )
154 ( [graodebico|sitionovaesperança] )
148 ( [manga|fazendahorizonteazul] )
139 ( [abacaxi|sitiobelacolina] [pera|sitiotresamigos] )
132 ( [arroz|sitiobomjardim] )
136 ( [cartamo|fazendasolnascente] [alface|fazendadasnacoes] )
141 ( [abacaxi|sitiobomjesus] )
151 ( [milho|fazendadosolnascente] )
159 ( [milho|sitiodorecanto] )
156 ( [cartamo|fazendacampinaverde] [canadeacucar|sitiorecantosereno] )
157 ( [graodebico|fazendacachoeiraalta] )
158 ( [mandioca|fazendaboaaurora] )
190 ( [maracuja|fazendaboasorte] [canadeacucar|sitiofazendaboa] )
178 ( [hortela|fazendahorizontesereno] )
165 ( [tabaco|sitiopedraalta] )
163 ( [inhame|fazendasantoantonio] )
160 ( [capimtifton|fazendarecantoverde] )
168 ( [melao|sitiodosventos] )
167 ( [beterraba|fazendasantoantonio] )
173 ( [trigo|fazendadomorro] [abacaxi|sitioflordocampo] )
172 ( [repolho|sitiobosqueverde] )
170 ( [girassol|sitiodoisirmaos] )
177 ( [maca|sitiodocorrego] )
176 ( [morango|sitioboacolina] )
187 ( [cenoura|fazendadasnacoes] )
181 ( [hortela|sitiodolago] )
179 ( [camomila|sitionovaaurora] [capimbrachiaria|sitiodapaz] )
180 ( [mamona|sitioluanova] )
185 ( [gergelim|fazendaaguadoce] )
195 ( [tomate|sitiobelocampo] [uva|sitiodopinhal] [inhame|fazendaserraverde] )
192 ( [cenoura|sitioribeirao] )
196 ( [beterraba|sitioserraazul] )
