InOrder:
34 ( [trigo|fazendacampoclaro] [tabaco|fazendahorizonteazul] [cartamo|fazendadoslagos] [uva|fazendaestanciareal] )
35 ( [cenoura|fazendasaofrancisco] [alecrim|fazendabelavista] )
36 ( [abacaxi|sitiojardimdasflores] [arroz|sitioaguacristalina] )
37 ( [beterraba|sitiodafazenda] )
38 ( [limao|fazendadoisrios] [capimtifton|sitiododescanso] [tangerina|fazendabelaaurora] [morango|fazendasantafe] )
39 ( [trigo|fazendarecantodovale] [hortela|fazendaalvoradadosol] [inhame|fazendamorrodosol] [abacate|sitionovaaurora] )
40 ( [capimtifton|sitiodoisirmaos] [brocolis|sitiodocorrego] [soja|fazendajardimflorido] )
41 ( [pera|fazendacampoverde] [morango|fazendarecantoazul] [tangerina|fazendatrescoracoes] [algodao|sitiopedreira] [abacaxi|fazendahorizonteverde] [girassol|fazendalagoaserena] [brocolis|fazendarecantosereno] )
43 ( [abacaxi|fazendavaledorio] [girassol|sitiofazendanova] [batata|sitiojardimdasflores] [cartamo|fazendadacachoeira] [capimbrachiaria|fazendavaledorio] )
45 ( [batata|sitiopedraalta] [abacaxi|sitiodospinheiros] [cebola|sitiorioclaro] )
46 ( [melao|sitiosantaluzia] [mamona|fazendasantaluzia] )
47 ( [tomate|fazendanovacolina] [trigo|fazendadoalto] )
48 ( [cevada|fazendamorrogrande] [cenoura|sitiocampoalegre] [manjericao|fazendavaledaneblina] )
49 ( [melao|fazendahorizonteverde] )
50 ( [cartamo|fazendarecantodourado] [mandioca|sitiovaledourado] [abacate|sitiocampoclaro] )
51 ( [girassol|fazendalagoaserena] [beterraba|sitiotresirmaos] )
52 ( [girassol|fazendadovale] [feijao|sitioaguadoce] )
53 ( [mamona|sitiomanancial] [canadeacucar|sitiodoalto] [gergelim|fazendariolimpo] )
54 ( [pera|sitiobelacolina] [uva|sitiomonteazul] )
55 ( [coentro|fazendavaledossonhos] [tabaco|sitiodossonhos] [amendoim|fazendariolimpo] [manga|fazendadospinhais] [alecrim|fazendanovaaurora] [manga|fazendadoslagos] )
56 ( [tomate|fazendaaltodovale] [beterraba|fazendavaleencantado] [limao|fazendarecantodourado] )
57 ( [banana|sitiovaledossonhos] [alface|sitiobomretiro] [milho|fazendabelanatureza] )
58 ( [cebola|sitiohorizonte] [banana|sitioboacolina] [tomate|fazendalagoaserena] [milho|sitiodosol] )
59 ( [kiwi|sitiolagosereno] [canadeacucar|fazendaboasorte] [ervadoce|fazendarecantodourado] [limao|fazendadacolina] )
60 ( [tangerina|fazendadoiscedros] [cartamo|fazendaboavista] [graodebico|sitiosaogabriel] )
61 ( [gergelim|fazendasantafe] [milho|sitiodosossego] [capimbrachiaria|sitiohorizonteverde] [camomila|fazendalagoaserena] )
62 ( [canadeacucar|fazendadacolina] )
63 ( [banana|sitionovaesperança] [tangerina|fazendacampoclaro] [inhame|fazendarecantosereno] [graodebico|fazendaserraazul] [couveflor|fazendadacolina] )
66 ( [feijao|sitiolagodourado] )
67 ( [tangerina|sitiojardimflorido] [canadeacucar|sitiodocedro] )
68 ( [hortela|sitiopedraalta] [girassol|fazendadorecanto] )
69 ( [cevada|sitiodorio] [girassol|fazendadoisrios] )
72 ( [cartamo|sitiosantacruz] [inhame|sitiodapaz] )
73 ( [tomate|fazendavaleverde] [feijao|sitiosaojose] [canadeacucar|fazendariogrande] [manga|fazendarecantoalegre] )
74 ( [feijao|sitiodasaguas] )
75 ( [tabaco|fazendacamposereno] [laranja|sitiodapaz] )
76 ( [cebola|fazendacampoclaro] [mamona|fazendamorrodosol] [trigo|fazendadospinhais] [trigo|sitiovaledaserra] [alecrim|fazendadoisrios] )
78 ( [tabaco|sitiorioclaro] [batata|sitiosantaclara] [abacaxi|sitiovaledapaz] [morango|fazendamorroazul] [pera|fazendanovaaurora] [couveflor|sitiodosipes] [cartamo|fazendacampolimpo] [amendoim|fazendarecantoverde] )
79 ( [manga|sitiosaogabriel] [brocolis|sitiodaserra] )
80 ( [maca|sitiopedrasaltas] [batata|sitiofazendanova] [feijao|sitiolagoaserena] )
81 ( [inhame|fazendacampoverde] [melao|sitiotrescoracoes] [capimbrachiaria|sitiodasflores] [girassol|fazendadasnacoes] )
82 ( [mamona|sitiojardimdasflores] [gergelim|sitiorecantofeliz] [trigo|sitiorecantodasaguas] [tabaco|fazendabomsucesso] )
83 ( [amendoim|fazendaserranegra] [tangerina|sitiodopomar] [abacaxi|fazendaserraclara] [laranja|fazendajardimverde] )
84 ( [graodebico|sitiohorizonteazul] [lentilha|sitioaguacristalina] )
85 ( [soja|sitiodopinhal] [cevada|fazendacampolimpo] )
86 ( [mamona|sitiovaledapaz] [melao|fazendamorroazul] [capimbrachiaria|sitioribeirao] [limao|fazendaboaaurora] )
87 ( [repolho|sitioflordocampo] )
88 ( [algodao|sitiodacachoeira] [milho|sitiodoiscedros] )
89 ( [gergelim|fazendariodourado] )
90 ( [cartamo|fazendacachoeiraalta] )
91 ( [arroz|sitiodacolina] [manga|fazendapedraalta] )
92 ( [abacate|sitioverdejante] [cenoura|fazendasaojorge] )
93 ( [abacate|sitiodorecanto] [pera|sitiodovale] )
95 ( [lentilha|sitiovaleverde] )
96 ( [girassol|fazendadacolina] [tangerina|fazendabomsucesso] )
98 ( [banana|sitioribeirao] )
99 ( [coentro|sitiohorizonteazul] [gergelim|sitiorecantofeliz] [beterraba|fazendadoalto] )
100 ( [coentro|fazendadacachoeira] [soja|sitiodoiscedros] [manjericao|fazendadosolnascente] )
102 ( [beterraba|sitiolagosereno] [cenoura|fazendadoislagos] )
103 ( [amendoim|fazendasantamarta] [pera|fazendaencantada] )
104 ( [mamona|fazendadaserra] )
105 ( [alecrim|fazendacachoeira] [limao|fazendasantamarta] [uva|fazendadalagoa] [abacaxi|sitiodoscampos] )
106 ( [maracuja|fazendaaguaviva] [capimbrachiaria|fazendajardimdovale] [graodebico|sitiodoalto] [amendoim|fazendabelaserra] )
107 ( [morango|fazendacampinaverde] [cartamo|sitioprimaveraverde] [feijao|sitiolagosereno] )
108 ( [cartamo|sitiodosventos] [mamona|fazendabelacolina] [trigo|fazendalagosereno] [tangerina|sitiodoisirmaos] )
109 ( [limao|sitiodoouro] [tabaco|fazendaserraazul] )
110 ( [inhame|sitiobelacolina] [gergelim|sitiodosventos] [limao|fazendariolimpo] )
111 ( [cebola|fazendarioverde] )
112 ( [banana|sitiocamposereno] )
113 ( [pinhaomanso|sitiododescanso] [banana|sitiobelocampo] )
114 ( [graodebico|sitiobelacolina] [lentilha|fazendadacolina] [tangerina|sitiolagoaserena] )
115 ( [ervadoce|sitiodopinhal] [gergelim|sitiocampoclaro] [camomila|sitioluacheia] [hortela|fazendadosolnascente] )
116 ( [cartamo|fazendabelavista] )
117 ( [abacaxi|sitiodohorizonte] [lentilha|fazendabelacolina] [cevada|sitiobomjesus] [cenoura|sitiotresrios] [pera|fazendaserraverde] )
118 ( [amendoim|fazendamontealegre] [arroz|fazendacampoverde] )
119 ( [girassol|sitiosantaluzia] [pinhaomanso|fazendanovaera] [amendoim|fazendaserranegra] [limao|fazendasantamaria] )
120 ( [cebola|sitiolagoaserena] [soja|sitioluacheia] [milho|fazendahorizonteazul] [melao|fazendaserradourada] [ervadoce|fazendabelavista] )
121 ( [laranja|fazendabelalagoa] [couveflor|sitiosaogabriel] [mamona|fazendaserradourada] )
123 ( [hortela|sitiodovale] )
124 ( [soja|fazendasantafelicidade] )
126 ( [cartamo|fazendajardimdosol] [lentilha|fazendacachoeiraalta] [capimbrachiaria|fazendadoisirmaos] [coentro|sitiohorizonteverde] [beterraba|sitiovistaalegre] [mamona|sitioprimavera] [melao|sitioserradosol] [camomila|fazendarioverde] )
127 ( [abacate|fazendacampoclaro] )
128 ( [kiwi|fazendariodourado] )
129 ( [pera|sitiodopinhal] [abacaxi|fazendavilanova] [canadeacucar|sitiodocampo] )
130 ( [laranja|sitiobelacolina] [milho|sitiodoiscoracoes] )
131 ( [graodebico|sitioaguacristalina] [repolho|fazendacachoeiraazul] [cevada|sitioluacheia] )
132 ( [pinhaomanso|sitiotresirmaos] [limao|fazendavaledossonhos] [mandioca|sitioterrafirme] [batata|sitiovaledasflores] )
133 ( [mandioca|fazendarecantoalegre] [canadeacucar|fazendaportoseguro] [gergelim|sitiorecantodosol] [maca|fazendadasflores] [alecrim|sitiovaleencantado] )
134 ( [camomila|fazendariolimpo] )
135 ( [maracuja|sitiosantaclara] )
136 ( [cebola|fazendabelaaurora] [arroz|sitioserrabranca] [brocolis|sitiojardimflorido] )
137 ( [kiwi|sitiovaleazul] [tangerina|sitioboacolina] [hortela|fazendamataverde] )
138 ( [cebola|sitiorecantoverde] [morango|sitiobomjesus] [banana|fazendacachoeiraazul] )
139 ( [laranja|fazendamontealegre] [couveflor|fazendavaleverde] )
140 ( [feijao|sitiodoouro] [lentilha|sitiodasaguas] )
141 ( [ervadoce|fazendajardimsereno] )
142 ( [camomila|fazendasantamarta] )
143 ( [lentilha|fazendaaguadoce] [camomila|sitiovaledapaz] [canadeacucar|sitiolagoaserena] [cenoura|sitiosantamarta] [girassol|fazendadoiscoracoes] [canadeacucar|fazendaalvoradadosol] [alface|fazendaserraazul] )
144 ( [hortela|sitiobelacolina] [abacaxi|fazendariolimpo] [amendoim|fazendadaserra] [abacate|fazendabelaaurora] [limao|fazendahorizonteazul] [limao|sitiodosjacarandas] )
145 ( [capimtifton|sitiohorizonteverde] [laranja|fazendabelavista] [alface|sitiolagoaazul] )
146 ( [capimbrachiaria|sitiobomsucesso] )
147 ( [cebola|sitionovaesperança] [cenoura|fazendarioazul] )
149 ( [beterraba|sitiorecantodosol] [brocolis|sitiodoscampos] [batata|fazendanovacolina] [girassol|fazendadoisirmaos] )
150 ( [gergelim|sitiodosventos] [abacaxi|fazendasantoantonio] [trigo|sitiodolago] [algodao|sitiovaledapaz] [pinhaomanso|sitioriobonito] [hortela|fazendatrescoracoes] [banana|sitioserrabranca] )
151 ( [coentro|fazendaserraverde] [uva|sitiodoscafezais] [ervadoce|fazendadossonhos] )
152 ( [morango|fazendavilanova] )
153 ( [repolho|sitiodoseucaliptos] [tabaco|sitiopedraalta] [banana|sitiotrescoracoes] [couveflor|fazendabelavista] [manjericao|fazendarioverde] )
155 ( [hortela|sitiosaojose] [pera|fazendaserraazul] [abacate|sitiodoisirmaos] )
156 ( [beterraba|sitiocampestre] [uva|fazendadovale] )
157 ( [beterraba|sitiorioverde] )
158 ( [kiwi|sitiodosossego] [soja|sitiotresamigos] [manjericao|sitiocampoalegre] [limao|sitionovavida] [manjericao|fazendacampoverde] [limao|sitiodoseucaliptos] [melao|sitiodoiscoracoes] [couveflor|sitiopedreira] )
159 ( [girassol|sitiohorizonte] [abacate|fazendajardimdaspedras] )
160 ( [capimtifton|sitiodosventos] [manga|sitiodoiscedros] )
161 ( [mamona|sitiodosjacarandas] [amendoim|sitioverdejante] [mandioca|fazendasantafe] [cevada|sitioprimaveraverde] [alecrim|fazendavaledosol] )

PreOrder:
35 ( [cenoura|fazendasaofrancisco] [alecrim|fazendabelavista] )
34 ( [trigo|fazendacampoclaro] [tabaco|fazendahorizonteazul] [cartamo|fazendadoslagos] [uva|fazendaestanciareal] )
37 ( [beterraba|sitiodafazenda] )
36 ( [abacaxi|sitiojardimdasflores] [arroz|sitioaguacristalina] )
39 ( [trigo|fazendarecantodovale] [hortela|fazendaalvoradadosol] [inhame|fazendamorrodosol] [abacate|sitionovaaurora] )
40 ( [capimtifton|sitiodoisirmaos] [brocolis|sitiodocorrego] [soja|fazendajardimflorido] )
46 ( [melao|sitiosantaluzia] [mamona|fazendasantaluzia] )
47 ( [tomate|fazendanovacolina] [trigo|fazendadoalto] )
48 ( [cevada|fazendamorrogrande] [cenoura|sitiocampoalegre] [manjericao|fazendavaledaneblina] )
45 ( [batata|sitiopedraalta] [abacaxi|sitiodospinheiros] [cebola|sitiorioclaro] )
49 ( [melao|fazendahorizonteverde] )
51 ( [girassol|fazendalagoaserena] [beterraba|sitiotresirmaos] )
50 ( [cartamo|fazendarecantodourado] [mandioca|sitiovaledourado] [abacate|sitiocampoclaro] )
43 ( [abacaxi|fazendavaledorio] [girassol|sitiofazendanova] [batata|sitiojardimdasflores] [cartamo|fazendadacachoeira] [capimbrachiaria|fazendavaledorio] )
54 ( [pera|sitiobelacolina] [uva|sitiomonteazul] )
53 ( [mamona|sitiomanancial] [canadeacucar|sitiodoalto] [gergelim|fazendariolimpo] )
56 ( [tomate|fazendaaltodovale] [beterraba|fazendavaleencantado] [limao|fazendarecantodourado] )
55 ( [coentro|fazendavaledossonhos] [tabaco|sitiodossonhos] [amendoim|fazendariolimpo] [manga|fazendadospinhais] [alecrim|fazendanovaaurora] [manga|fazendadoslagos] )
58 ( [cebola|sitiohorizonte] [banana|sitioboacolina] [tomate|fazendalagoaserena] [milho|sitiodosol] )
60 ( [tangerina|fazendadoiscedros] [cartamo|fazendaboavista] [graodebico|sitiosaogabriel] )
59 ( [kiwi|sitiolagosereno] [canadeacucar|fazendaboasorte] [ervadoce|fazendarecantodourado] [limao|fazendadacolina] )
62 ( [canadeacucar|fazendadacolina] )
61 ( [gergelim|fazendasantafe] [milho|sitiodosossego] [capimbrachiaria|sitiohorizonteverde] [camomila|fazendalagoaserena] )
57 ( [banana|sitiovaledossonhos] [alface|sitiobomretiro] [milho|fazendabelanatureza] )
52 ( [girassol|fazendadovale] [feijao|sitioaguadoce] )
66 ( [feijao|sitiolagodourado] )
68 ( [hortela|sitiopedraalta] [girassol|fazendadorecanto] )
67 ( [tangerina|sitiojardimflorido] [canadeacucar|sitiodocedro] )
72 ( [cartamo|sitiosantacruz] [inhame|sitiodapaz] )
69 ( [cevada|sitiodorio] [girassol|fazendadoisrios] )
74 ( [feijao|sitiodasaguas] )
75 ( [tabaco|fazendacamposereno] [laranja|sitiodapaz] )
76 ( [cebola|fazendacampoclaro] [mamona|fazendamorrodosol] [trigo|fazendadospinhais] [trigo|sitiovaledaserra] [alecrim|fazendadoisrios] )
73 ( [tomate|fazendavaleverde] [feijao|sitiosaojose] [canadeacucar|fazendariogrande] [manga|fazendarecantoalegre] )
79 ( [manga|sitiosaogabriel] [brocolis|sitiodaserra] )
78 ( [tabaco|sitiorioclaro] [batata|sitiosantaclara] [abacaxi|sitiovaledapaz] [morango|fazendamorroazul] [pera|fazendanovaaurora] [couveflor|sitiodosipes] [cartamo|fazendacampolimpo] [amendoim|fazendarecantoverde] )
83 ( [amendoim|fazendaserranegra] [tangerina|sitiodopomar] [abacaxi|fazendaserraclara] [laranja|fazendajardimverde] )
82 ( [mamona|sitiojardimdasflores] [gergelim|sitiorecantofeliz] [trigo|sitiorecantodasaguas] [tabaco|fazendabomsucesso] )
81 ( [inhame|fazendacampoverde] [melao|sitiotrescoracoes] [capimbrachiaria|sitiodasflores] [girassol|fazendadasnacoes] )
80 ( [maca|sitiopedrasaltas] [batata|sitiofazendanova] [feijao|sitiolagoaserena] )
63 ( [banana|sitionovaesperança] [tangerina|fazendacampoclaro] [inhame|fazendarecantosereno] [graodebico|fazendaserraazul] [couveflor|fazendadacolina] )
41 ( [pera|fazendacampoverde] [morango|fazendarecantoazul] [tangerina|fazendatrescoracoes] [algodao|sitiopedreira] [abacaxi|fazendahorizonteverde] [girassol|fazendalagoaserena] [brocolis|fazendarecantosereno] )
38 ( [limao|fazendadoisrios] [capimtifton|sitiododescanso] [tangerina|fazendabelaaurora] [morango|fazendasantafe] )
87 ( [repolho|sitioflordocampo] )
86 ( [mamona|sitiovaledapaz] [melao|fazendamorroazul] [capimbrachiaria|sitioribeirao] [limao|fazendaboaaurora] )
90 ( [cartamo|fazendacachoeiraalta] )
89 ( [gergelim|fazendariodourado] )
88 ( [algodao|sitiodacachoeira] [milho|sitiodoiscedros] )
92 ( [abacate|sitioverdejante] [cenoura|fazendasaojorge] )
96 ( [girassol|fazendadacolina] [tangerina|fazendabomsucesso] )
95 ( [lentilha|sitiovaleverde] )
98 ( [banana|sitioribeirao] )
102 ( [beterraba|sitiolagosereno] [cenoura|fazendadoislagos] )
104 ( [mamona|fazendadaserra] )
105 ( [alecrim|fazendacachoeira] [limao|fazendasantamarta] [uva|fazendadalagoa] [abacaxi|sitiodoscampos] )
103 ( [amendoim|fazendasantamarta] [pera|fazendaencantada] )
106 ( [maracuja|fazendaaguaviva] [capimbrachiaria|fazendajardimdovale] [graodebico|sitiodoalto] [amendoim|fazendabelaserra] )
100 ( [coentro|fazendadacachoeira] [soja|sitiodoiscedros] [manjericao|fazendadosolnascente] )
109 ( [limao|sitiodoouro] [tabaco|fazendaserraazul] )
108 ( [cartamo|sitiodosventos] [mamona|fazendabelacolina] [trigo|fazendalagosereno] [tangerina|sitiodoisirmaos] )
107 ( [morango|fazendacampinaverde] [cartamo|sitioprimaveraverde] [feijao|sitiolagosereno] )
99 ( [coentro|sitiohorizonteazul] [gergelim|sitiorecantofeliz] [beterraba|fazendadoalto] )
93 ( [abacate|sitiodorecanto] [pera|sitiodovale] )
91 ( [arroz|sitiodacolina] [manga|fazendapedraalta] )
111 ( [cebola|fazendarioverde] )
110 ( [inhame|sitiobelacolina] [gergelim|sitiodosventos] [limao|fazendariolimpo] )
85 ( [soja|sitiodopinhal] [cevada|fazendacampolimpo] )
113 ( [pinhaomanso|sitiododescanso] [banana|sitiobelocampo] )
116 ( [cartamo|fazendabelavista] )
118 ( [amendoim|fazendamontealegre] [arroz|fazendacampoverde] )
119 ( [girassol|sitiosantaluzia] [pinhaomanso|fazendanovaera] [amendoim|fazendaserranegra] [limao|fazendasantamaria] )
117 ( [abacaxi|sitiodohorizonte] [lentilha|fazendabelacolina] [cevada|sitiobomjesus] [cenoura|sitiotresrios] [pera|fazendaserraverde] )
115 ( [ervadoce|sitiodopinhal] [gergelim|sitiocampoclaro] [camomila|sitioluacheia] [hortela|fazendadosolnascente] )
120 ( [cebola|sitiolagoaserena] [soja|sitioluacheia] [milho|fazendahorizonteazul] [melao|fazendaserradourada] [ervadoce|fazendabelavista] )
114 ( [graodebico|sitiobelacolina] [lentilha|fazendadacolina] [tangerina|sitiolagoaserena] )
112 ( [banana|sitiocamposereno] )
123 ( [hortela|sitiodovale] )
124 ( [soja|fazendasantafelicidade] )
127 ( [abacate|fazendacampoclaro] )
126 ( [cartamo|fazendajardimdosol] [lentilha|fazendacachoeiraalta] [capimbrachiaria|fazendadoisirmaos] [coentro|sitiohorizonteverde] [beterraba|sitiovistaalegre] [mamona|sitioprimavera] [melao|sitioserradosol] [camomila|fazendarioverde] )
121 ( [laranja|fazendabelalagoa] [couveflor|sitiosaogabriel] [mamona|fazendaserradourada] )
131 ( [graodebico|sitioaguacristalina] [repolho|fazendacachoeiraazul] [cevada|sitioluacheia] )
130 ( [laranja|sitiobelacolina] [milho|sitiodoiscoracoes] )
129 ( [pera|sitiodopinhal] [abacaxi|fazendavilanova] [canadeacucar|sitiodocampo] )
134 ( [camomila|fazendariolimpo] )
135 ( [maracuja|sitiosantaclara] )
133 ( [mandioca|fazendarecantoalegre] [canadeacucar|fazendaportoseguro] [gergelim|sitiorecantodosol] [maca|fazendadasflores] [alecrim|sitiovaleencantado] )
132 ( [pinhaomanso|sitiotresirmaos] [limao|fazendavaledossonhos] [mandioca|sitioterrafirme] [batata|sitiovaledasflores] )
137 ( [kiwi|sitiovaleazul] [tangerina|sitioboacolina] [hortela|fazendamataverde] )
136 ( [cebola|fazendabelaaurora] [arroz|sitioserrabranca] [brocolis|sitiojardimflorido] )
140 ( [feijao|sitiodoouro] [lentilha|sitiodasaguas] )
139 ( [laranja|fazendamontealegre] [couveflor|fazendavaleverde] )
142 ( [camomila|fazendasantamarta] )
141 ( [ervadoce|fazendajardimsereno] )
144 ( [hortela|sitiobelacolina] [abacaxi|fazendariolimpo] [amendoim|fazendadaserra] [abacate|fazendabelaaurora] [limao|fazendahorizonteazul] [limao|sitiodosjacarandas] )
143 ( [lentilha|fazendaaguadoce] [camomila|sitiovaledapaz] [canadeacucar|sitiolagoaserena] [cenoura|sitiosantamarta] [girassol|fazendadoiscoracoes] [canadeacucar|fazendaalvoradadosol] [alface|fazendaserraazul] )
145 ( [capimtifton|sitiohorizonteverde] [laranja|fazendabelavista] [alface|sitiolagoaazul] )
147 ( [cebola|sitionovaesperança] [cenoura|fazendarioazul] )
146 ( [capimbrachiaria|sitiobomsucesso] )
138 ( [cebola|sitiorecantoverde] [morango|sitiobomjesus] [banana|fazendacachoeiraazul] )
128 ( [kiwi|fazendariodourado] )
151 ( [coentro|fazendaserraverde] [uva|sitiodoscafezais] [ervadoce|fazendadossonhos] )
150 ( [gergelim|sitiodosventos] [abacaxi|fazendasantoantonio] [trigo|sitiodolago] [algodao|sitiovaledapaz] [pinhaomanso|sitioriobonito] [hortela|fazendatrescoracoes] [banana|sitioserrabranca] )
155 ( [hortela|sitiosaojose] [pera|fazendaserraazul] [abacate|sitiodoisirmaos] )
156 ( [beterraba|sitiocampestre] [uva|fazendadovale] )
157 ( [beterraba|sitiorioverde] )
159 ( [girassol|sitiohorizonte] [abacate|fazendajardimdaspedras] )
158 ( [kiwi|sitiodosossego] [soja|sitiotresamigos] [manjericao|sitiocampoalegre] [limao|sitionovavida] [manjericao|fazendacampoverde] [limao|sitiodoseucaliptos] [melao|sitiodoiscoracoes] [couveflor|sitiopedreira] )
153 ( [repolho|sitiodoseucaliptos] [tabaco|sitiopedraalta] [banana|sitiotrescoracoes] [couveflor|fazendabelavista] [manjericao|fazendarioverde] )
152 ( [morango|fazendavilanova] )
161 ( [mamona|sitiodosjacarandas] [amendoim|sitioverdejante] [mandioca|fazendasantafe] [cevada|sitioprimaveraverde] [alecrim|fazendavaledosol] )
160 ( [capimtifton|sitiodosventos] [manga|sitiodoiscedros] )
149 ( [beterraba|sitiorecantodosol] [brocolis|sitiodoscampos] [batata|fazendanovacolina] [girassol|fazendadoisirmaos] )
84 ( [graodebico|sitiohorizonteazul] [lentilha|sitioaguacristalina] )

PosOrder:
84 ( [graodebico|sitiohorizonteazul] [lentilha|sitioaguacristalina] )
38 ( [limao|fazendadoisrios] [capimtifton|sitiododescanso] [tangerina|fazendabelaaurora] [morango|fazendasantafe] )
36 ( [abacaxi|sitiojardimdasflores] [arroz|sitioaguacristalina] )
34 ( [trigo|fazendacampoclaro] [tabaco|fazendahorizonteazul] [cartamo|fazendadoslagos] [uva|fazendaestanciareal] )
35 ( [cenoura|fazendasaofrancisco] [alecrim|fazendabelavista] )
37 ( [beterraba|sitiodafazenda] )
41 ( [pera|fazendacampoverde] [morango|fazendarecantoazul] [tangerina|fazendatrescoracoes] [algodao|sitiopedreira] [abacaxi|fazendahorizonteverde] [girassol|fazendalagoaserena] [brocolis|fazendarecantosereno] )
40 ( [capimtifton|sitiodoisirmaos] [brocolis|sitiodocorrego] [soja|fazendajardimflorido] )
39 ( [trigo|fazendarecantodovale] [hortela|fazendaalvoradadosol] [inhame|fazendamorrodosol] [abacate|sitionovaaurora] )
63 ( [banana|sitionovaesperança] [tangerina|fazendacampoclaro] [inhame|fazendarecantosereno] [graodebico|fazendaserraazul] [couveflor|fazendadacolina] )
52 ( [girassol|fazendadovale] [feijao|sitioaguadoce] )
43 ( [abacaxi|fazendavaledorio] [girassol|sitiofazendanova] [batata|sitiojardimdasflores] [cartamo|fazendadacachoeira] [capimbrachiaria|fazendavaledorio] )
50 ( [cartamo|fazendarecantodourado] [mandioca|sitiovaledourado] [abacate|sitiocampoclaro] )
49 ( [melao|fazendahorizonteverde] )
45 ( [batata|sitiopedraalta] [abacaxi|sitiodospinheiros] [cebola|sitiorioclaro] )
48 ( [cevada|fazendamorrogrande] [cenoura|sitiocampoalegre] [manjericao|fazendavaledaneblina] )
47 ( [tomate|fazendanovacolina] [trigo|fazendadoalto] )
46 ( [melao|sitiosantaluzia] [mamona|fazendasantaluzia] )
51 ( [girassol|fazendalagoaserena] [beterraba|sitiotresirmaos] )
57 ( [banana|sitiovaledossonhos] [alface|sitiobomretiro] [milho|fazendabelanatureza] )
55 ( [coentro|fazendavaledossonhos] [tabaco|sitiodossonhos] [amendoim|fazendariolimpo] [manga|fazendadospinhais] [alecrim|fazendanovaaurora] [manga|fazendadoslagos] )
53 ( [mamona|sitiomanancial] [canadeacucar|sitiodoalto] [gergelim|fazendariolimpo] )
54 ( [pera|sitiobelacolina] [uva|sitiomonteazul] )
56 ( [tomate|fazendaaltodovale] [beterraba|fazendavaleencantado] [limao|fazendarecantodourado] )
61 ( [gergelim|fazendasantafe] [milho|sitiodosossego] [capimbrachiaria|sitiohorizonteverde] [camomila|fazendalagoaserena] )
59 ( [kiwi|sitiolagosereno] [canadeacucar|fazendaboasorte] [ervadoce|fazendarecantodourado] [limao|fazendadacolina] )
58 ( [cebola|sitiohorizonte] [banana|sitioboacolina] [tomate|fazendalagoaserena] [milho|sitiodosol] )
60 ( [tangerina|fazendadoiscedros] [cartamo|fazendaboavista] [graodebico|sitiosaogabriel] )
62 ( [canadeacucar|fazendadacolina] )
80 ( [maca|sitiopedrasaltas] [batata|sitiofazendanova] [feijao|sitiolagoaserena] )
78 ( [tabaco|sitiorioclaro] [batata|sitiosantaclara] [abacaxi|sitiovaledapaz] [morango|fazendamorroazul] [pera|fazendanovaaurora] [couveflor|sitiodosipes] [cartamo|fazendacampolimpo] [amendoim|fazendarecantoverde] )
73 ( [tomate|fazendavaleverde] [feijao|sitiosaojose] [canadeacucar|fazendariogrande] [manga|fazendarecantoalegre] )
69 ( [cevada|sitiodorio] [girassol|fazendadoisrios] )
67 ( [tangerina|sitiojardimflorido] [canadeacucar|sitiodocedro] )
66 ( [feijao|sitiolagodourado] )
68 ( [hortela|sitiopedraalta] [girassol|fazendadorecanto] )
72 ( [cartamo|sitiosantacruz] [inhame|sitiodapaz] )
76 ( [cebola|fazendacampoclaro] [mamona|fazendamorrodosol] [trigo|fazendadospinhais] [trigo|sitiovaledaserra] [alecrim|fazendadoisrios] )
75 ( [tabaco|fazendacamposereno] [laranja|sitiodapaz] )
74 ( [feijao|sitiodasaguas] )
79 ( [manga|sitiosaogabriel] [brocolis|sitiodaserra] )
81 ( [inhame|fazendacampoverde] [melao|sitiotrescoracoes] [capimbrachiaria|sitiodasflores] [girassol|fazendadasnacoes] )
82 ( [mamona|sitiojardimdasflores] [gergelim|sitiorecantofeliz] [trigo|sitiorecantodasaguas] [tabaco|fazendabomsucesso] )
83 ( [amendoim|fazendaserranegra] [tangerina|sitiodopomar] [abacaxi|fazendaserraclara] [laranja|fazendajardimverde] )
149 ( [beterraba|sitiorecantodosol] [brocolis|sitiodoscampos] [batata|fazendanovacolina] [girassol|fazendadoisirmaos] )
128 ( [kiwi|fazendariodourado] )
121 ( [laranja|fazendabelalagoa] [couveflor|sitiosaogabriel] [mamona|fazendaserradourada] )
112 ( [banana|sitiocamposereno] )
85 ( [soja|sitiodopinhal] [cevada|fazendacampolimpo] )
110 ( [inhame|sitiobelacolina] [gergelim|sitiodosventos] [limao|fazendariolimpo] )
91 ( [arroz|sitiodacolina] [manga|fazendapedraalta] )
88 ( [algodao|sitiodacachoeira] [milho|sitiodoiscedros] )
86 ( [mamona|sitiovaledapaz] [melao|fazendamorroazul] [capimbrachiaria|sitioribeirao] [limao|fazendaboaaurora] )
87 ( [repolho|sitioflordocampo] )
89 ( [gergelim|fazendariodourado] )
90 ( [cartamo|fazendacachoeiraalta] )
93 ( [abacate|sitiodorecanto] [pera|sitiodovale] )
92 ( [abacate|sitioverdejante] [cenoura|fazendasaojorge] )
99 ( [coentro|sitiohorizonteazul] [gergelim|sitiorecantofeliz] [beterraba|fazendadoalto] )
98 ( [banana|sitioribeirao] )
95 ( [lentilha|sitiovaleverde] )
96 ( [girassol|fazendadacolina] [tangerina|fazendabomsucesso] )
107 ( [morango|fazendacampinaverde] [cartamo|sitioprimaveraverde] [feijao|sitiolagosereno] )
100 ( [coentro|fazendadacachoeira] [soja|sitiodoiscedros] [manjericao|fazendadosolnascente] )
106 ( [maracuja|fazendaaguaviva] [capimbrachiaria|fazendajardimdovale] [graodebico|sitiodoalto] [amendoim|fazendabelaserra] )
103 ( [amendoim|fazendasantamarta] [pera|fazendaencantada] )
102 ( [beterraba|sitiolagosereno] [cenoura|fazendadoislagos] )
105 ( [alecrim|fazendacachoeira] [limao|fazendasantamarta] [uva|fazendadalagoa] [abacaxi|sitiodoscampos] )
104 ( [mamona|fazendadaserra] )
108 ( [cartamo|sitiodosventos] [mamona|fazendabelacolina] [trigo|fazendalagosereno] [tangerina|sitiodoisirmaos] )
109 ( [limao|sitiodoouro] [tabaco|fazendaserraazul] )
111 ( [cebola|fazendarioverde] )
114 ( [graodebico|sitiobelacolina] [lentilha|fazendadacolina] [tangerina|sitiolagoaserena] )
113 ( [pinhaomanso|sitiododescanso] [banana|sitiobelocampo] )
120 ( [cebola|sitiolagoaserena] [soja|sitioluacheia] [milho|fazendahorizonteazul] [melao|fazendaserradourada] [ervadoce|fazendabelavista] )
115 ( [ervadoce|sitiodopinhal] [gergelim|sitiocampoclaro] [camomila|sitioluacheia] [hortela|fazendadosolnascente] )
117 ( [abacaxi|sitiodohorizonte] [lentilha|fazendabelacolina] [cevada|sitiobomjesus] [cenoura|sitiotresrios] [pera|fazendaserraverde] )
116 ( [cartamo|fazendabelavista] )
119 ( [girassol|sitiosantaluzia] [pinhaomanso|fazendanovaera] [amendoim|fazendaserranegra] [limao|fazendasantamaria] )
118 ( [amendoim|fazendamontealegre] [arroz|fazendacampoverde] )
126 ( [cartamo|fazendajardimdosol] [lentilha|fazendacachoeiraalta] [capimbrachiaria|fazendadoisirmaos] [coentro|sitiohorizonteverde] [beterraba|sitiovistaalegre] [mamona|sitioprimavera] [melao|sitioserradosol] [camomila|fazendarioverde] )
124 ( [soja|fazendasantafelicidade] )
123 ( [hortela|sitiodovale] )
127 ( [abacate|fazendacampoclaro] )
138 ( [cebola|sitiorecantoverde] [morango|sitiobomjesus] [banana|fazendacachoeiraazul] )
136 ( [cebola|fazendabelaaurora] [arroz|sitioserrabranca] [brocolis|sitiojardimflorido] )
132 ( [pinhaomanso|sitiotresirmaos] [limao|fazendavaledossonhos] [mandioca|sitioterrafirme] [batata|sitiovaledasflores] )
129 ( [pera|sitiodopinhal] [abacaxi|fazendavilanova] [canadeacucar|sitiodocampo] )
130 ( [laranja|sitiobelacolina] [milho|sitiodoiscoracoes] )
131 ( [graodebico|sitioaguacristalina] [repolho|fazendacachoeiraazul] [cevada|sitioluacheia] )
133 ( [mandioca|fazendarecantoalegre] [canadeacucar|fazendaportoseguro] [gergelim|sitiorecantodosol] [maca|fazendadasflores] [alecrim|sitiovaleencantado] )
135 ( [maracuja|sitiosantaclara] )
134 ( [camomila|fazendariolimpo] )
137 ( [kiwi|sitiovaleazul] [tangerina|sitioboacolina] [hortela|fazendamataverde] )
146 ( [capimbrachiaria|sitiobomsucesso] )
145 ( [capimtifton|sitiohorizonteverde] [laranja|fazendabelavista] [alface|sitiolagoaazul] )
143 ( [lentilha|fazendaaguadoce] [camomila|sitiovaledapaz] [canadeacucar|sitiolagoaserena] [cenoura|sitiosantamarta] [girassol|fazendadoiscoracoes] [canadeacucar|fazendaalvoradadosol] [alface|fazendaserraazul] )
141 ( [ervadoce|fazendajardimsereno] )
139 ( [laranja|fazendamontealegre] [couveflor|fazendavaleverde] )
140 ( [feijao|sitiodoouro] [lentilha|sitiodasaguas] )
142 ( [camomila|fazendasantamarta] )
144 ( [hortela|sitiobelacolina] [abacaxi|fazendariolimpo] [amendoim|fazendadaserra] [abacate|fazendabelaaurora] [limao|fazendahorizonteazul] [limao|sitiodosjacarandas] )
147 ( [cebola|sitionovaesperança] [cenoura|fazendarioazul] )
160 ( [capimtifton|sitiodosventos] [manga|sitiodoiscedros] )
152 ( [morango|fazendavilanova] )
150 ( [gergelim|sitiodosventos] [abacaxi|fazendasantoantonio] [trigo|sitiodolago] [algodao|sitiovaledapaz] [pinhaomanso|sitioriobonito] [hortela|fazendatrescoracoes] [banana|sitioserrabranca] )
151 ( [coentro|fazendaserraverde] [uva|sitiodoscafezais] [ervadoce|fazendadossonhos] )
153 ( [repolho|sitiodoseucaliptos] [tabaco|sitiopedraalta] [banana|sitiotrescoracoes] [couveflor|fazendabelavista] [manjericao|fazendarioverde] )
158 ( [kiwi|sitiodosossego] [soja|sitiotresamigos] [manjericao|sitiocampoalegre] [limao|sitionovavida] [manjericao|fazendacampoverde] [limao|sitiodoseucaliptos] [melao|sitiodoiscoracoes] [couveflor|sitiopedreira] )
157 ( [beterraba|sitiorioverde] )
156 ( [beterraba|sitiocampestre] [uva|fazendadovale] )
155 ( [hortela|sitiosaojose] [pera|fazendaserraazul] [abacate|sitiodoisirmaos] )
159 ( [girassol|sitiohorizonte] [abacate|fazendajardimdaspedras] )
161 ( [mamona|sitiodosjacarandas] [amendoim|sitioverdejante] [mandioca|fazendasantafe] [cevada|sitioprimaveraverde] [alecrim|fazendavaledosol] )
