Analise.....: Comp | Movi
- Bubble....: 0045 | 0017
- Selection.: 0045 | 0007
- Insertion.: 0026 | 0026
