Analise.....: Comp | Movi
- Bubble....: 0009 | 0000
- Selection.: 0045 | 0000
- Insertion.: 0009 | 0009
