Analise.....: Comp | Movi
- Bubble....: 1225 | 0643
- Selection.: 1225 | 0041
- Insertion.: 0692 | 0692
