Analise.....: Comp | Movi
- Bubble....: 4950 | 2404
- Selection.: 4950 | 0096
- Insertion.: 2504 | 2504
