Analise.....: Comp | Movi
- Bubble....: 124750 | 64670
- Selection.: 124750 | 0493
- Insertion.: 65171 | 65171
