0000030 daiane
0000100 carlos
0000150 pedro
0000200 carla
0000200 joao
0000525 filipe
0000942 andrea
