0021340 Isabella
0435645 Gabriel
1110473 Davi
1653977 Isabella
1764407 Gabriel
1824168 Helena
1903599 Pedro
2190550 Gabriel
2610279 Miguel
3324239 Davi
3548897 Isabella
3793591 Arthur
3803756 Pedro
4622012 Helena
4714055 Isabella
4995043 Helena
5191985 Arthur
5294972 Isabella
5418094 Gabriel
5455320 Helena
5495834 Miguel
5616825 Pedro
5772160 Pedro
5861015 Arthur
5875794 Isabella
6235929 Isabella
6357198 Arthur
6464345 Helena
6739891 Alice
6897681 Helena
6996094 Arthur
7043169 Alice
7069456 Gabriel
7675915 Arthur
7711074 Arthur
7841334 Alice
7911226 Isabella
7955335 Isabella
8053025 Arthur
8078296 Isabella
8168001 Davi
8168556 Miguel
8362314 Davi
8565566 Miguel
9004471 Bernardo
9085304 Miguel
9654894 Pedro
9749257 Arthur
9795583 Bernardo
9893498 Alice
